Archive member included because of file (symbol)

/Developer/Marmalade/5.2/s3e/edk/lib/android/libedk.a(edk_helpers.o)
                              release/AdmobAds_platform.os (s3eEdkThreadRunOnOS)

Discarded input sections

 _ZN7_JNIEnv13CallIntMethodEP8_jobjectP10_jmethodIDz
                0x00000000        0x0 release/AdmobAds_platform.os
 _ZN7_JNIEnv9NewObjectEP7_jclassP10_jmethodIDz
                0x00000000        0x0 release/AdmobAds_platform.os
 .note.GNU-stack
                0x00000000        0x0 release/AdmobAds_platform.os
 .note.GNU-stack
                0x00000000        0x0 release/AdmobAds.os
 .note.GNU-stack
                0x00000000        0x0 release/AdmobAds_register.os
 .note.GNU-stack
                0x00000000        0x0 /Developer/Marmalade/5.2/s3e/edk/lib/android/libedk.a(edk_helpers.o)

Memory Configuration

Name             Origin             Length             Attributes
*default*        0x00000000         0xffffffff

Linker script and memory map

LOAD release/AdmobAds_platform.os
LOAD release/AdmobAds.os
LOAD release/AdmobAds_register.os
LOAD /Developer/Marmalade/5.2/s3e/edk/lib/android/libedk.a
LOAD /Developer/Marmalade/5.2/s3e/edk/lib/android/libplaceholderplaceholderplaceholderplaceholderplaceholder.so
LOAD /Developer/android-ndk-r5/platforms/android-9/arch-arm/usr/lib/libc.so
LOAD /Developer/android-ndk-r5/platforms/android-9/arch-arm/usr/lib/libm.so
LOAD /Developer/android-ndk-r5/platforms/android-9/arch-arm/usr/lib/liblog.so
LOAD /Developer/android-ndk-r5/sources/cxx-stl/gnu-libstdc++/libs/armeabi/libstdc++.a
LOAD /Developer/android-ndk-r5/toolchains/arm-linux-androideabi-4.4.3/prebuilt/darwin-x86/bin/../lib/gcc/arm-linux-androideabi/4.4.3/libgcc.a
                0x000000d4                . = (0x0 + SIZEOF_HEADERS)

.note.gnu.build-id
 *(.note.gnu.build-id)

.hash           0x000000d4       0x9c
 *(.hash)
 .hash          0x000000d4       0x9c release/AdmobAds_platform.os

.gnu.hash
 *(.gnu.hash)

.dynsym         0x00000170      0x140
 *(.dynsym)
 .dynsym        0x00000170      0x140 release/AdmobAds_platform.os

.dynstr         0x000002b0      0x13b
 *(.dynstr)
 .dynstr        0x000002b0      0x13b release/AdmobAds_platform.os

.gnu.version    0x000003ec        0x0 load address 0x000003eb
 *(.gnu.version)
 .gnu.version   0x00000000        0x0 release/AdmobAds_platform.os

.gnu.version_d  0x000003ec        0x0 load address 0x000003eb
 *(.gnu.version_d)
 .gnu.version_d
                0x00000000        0x0 release/AdmobAds_platform.os

.gnu.version_r  0x000003ec        0x0 load address 0x000003eb
 *(.gnu.version_r)
 .gnu.version_r
                0x00000000        0x0 release/AdmobAds_platform.os

.rel.dyn        0x000003ec       0x28
 *(.rel.init)
 *(.rel.text .rel.text.* .rel.gnu.linkonce.t.*)
 *(.rel.fini)
 *(.rel.rodata .rel.rodata.* .rel.gnu.linkonce.r.*)
 *(.rel.data.rel.ro* .rel.gnu.linkonce.d.rel.ro.*)
 *(.rel.data .rel.data.* .rel.gnu.linkonce.d.*)
 *(.rel.tdata .rel.tdata.* .rel.gnu.linkonce.td.*)
 *(.rel.tbss .rel.tbss.* .rel.gnu.linkonce.tb.*)
 *(.rel.ctors)
 *(.rel.dtors)
 *(.rel.got)
 .rel.got       0x000003ec       0x28 release/AdmobAds_platform.os
 *(.rel.bss .rel.bss.* .rel.gnu.linkonce.b.*)

.rela.dyn
 *(.rela.init)
 *(.rela.text .rela.text.* .rela.gnu.linkonce.t.*)
 *(.rela.fini)
 *(.rela.rodata .rela.rodata.* .rela.gnu.linkonce.r.*)
 *(.rela.data .rela.data.* .rela.gnu.linkonce.d.*)
 *(.rela.tdata .rela.tdata.* .rela.gnu.linkonce.td.*)
 *(.rela.tbss .rela.tbss.* .rela.gnu.linkonce.tb.*)
 *(.rela.ctors)
 *(.rela.dtors)
 *(.rela.got)
 *(.rela.bss .rela.bss.* .rela.gnu.linkonce.b.*)

.rel.plt        0x00000414       0x28
 *(.rel.plt)
 .rel.plt       0x00000414       0x28 release/AdmobAds_platform.os

.rela.plt
 *(.rela.plt)

.init
 *(.init)

.plt            0x0000043c       0x50
 *(.plt)
 .plt           0x0000043c       0x50 release/AdmobAds_platform.os

.text           0x0000048c      0x6ec
 *(.text .stub .text.* .gnu.linkonce.t.*)
 .text          0x0000048c      0x3dc release/AdmobAds_platform.os
                0x00000490                _Z16InitAds_platformPKc
                0x0000050c                _Z21AdmobAdsInit_platformv
                0x00000810                _Z16ShowAds_platformv
                0x000007b8                _Z16HideAds_platformv
                0x0000048c                _Z26AdmobAdsTerminate_platformv
 .text._ZN7_JNIEnv13CallIntMethodEP8_jobjectP10_jmethodIDz
                0x00000868       0x38 release/AdmobAds_platform.os
                0x00000868                _ZN7_JNIEnv13CallIntMethodEP8_jobjectP10_jmethodIDz
 .text._ZN7_JNIEnv9NewObjectEP7_jclassP10_jmethodIDz
                0x000008a0       0x38 release/AdmobAds_platform.os
                0x000008a0                _ZN7_JNIEnv9NewObjectEP7_jclassP10_jmethodIDz
 .text          0x000008d8       0x50 release/AdmobAds.os
                0x00000908                _Z17AdmobAdsTerminatev
                0x000008f8                InitAds
                0x000008d8                HideAds
                0x00000918                _Z12AdmobAdsInitv
                0x000008e8                ShowAds
 .text          0x00000928      0x1c0 release/AdmobAds_register.os
                0x00000928                _Z19AdmobAdsRegisterExtv
                0x00000a4c                RegisterExt
 .text          0x00000ae8        0x0 /Developer/Marmalade/5.2/s3e/edk/lib/android/libedk.a(edk_helpers.o)
 .text.s3eEdkThreadRunOnOSAsync
                0x00000ae8       0x30 /Developer/Marmalade/5.2/s3e/edk/lib/android/libedk.a(edk_helpers.o)
                0x00000ae8                s3eEdkThreadRunOnOSAsync
 .text.s3eEdkThreadRunOnOS
                0x00000b18       0x30 /Developer/Marmalade/5.2/s3e/edk/lib/android/libedk.a(edk_helpers.o)
                0x00000b18                s3eEdkThreadRunOnOS
 .text.s3eEdkErrorSetString
                0x00000b48       0x30 /Developer/Marmalade/5.2/s3e/edk/lib/android/libedk.a(edk_helpers.o)
                0x00000b48                s3eEdkErrorSetString
 *(.gnu.warning)
 *(.glue_7t)
 .glue_7t       0x00000000        0x0 linker stubs
 *(.glue_7)
 .glue_7        0x00000000        0x0 linker stubs
 *(.vfp11_veneer)
 .vfp11_veneer  0x00000000        0x0 linker stubs
 *(.v4_bx)
 .v4_bx         0x00000000        0x0 linker stubs

.fini
 *(.fini)
                0x00000b78                PROVIDE (__etext, .)
                0x00000b78                PROVIDE (_etext, .)
                0x00000b78                PROVIDE (etext, .)

.rodata         0x00000b78       0x4c
 *(.rodata .rodata.* .gnu.linkonce.r.*)
 .rodata.str1.4
                0x00000b78       0x4c release/AdmobAds_platform.os
 .rodata.str1.4
                0x00000000        0xc release/AdmobAds_register.os

.rodata1
 *(.rodata1)

.ARM.extab      0x00000bc4       0x24
 *(.ARM.extab* .gnu.linkonce.armextab.*)
 .ARM.extab.text.s3eEdkThreadRunOnOSAsync
                0x00000bc4        0xc /Developer/Marmalade/5.2/s3e/edk/lib/android/libedk.a(edk_helpers.o)
 .ARM.extab.text.s3eEdkThreadRunOnOS
                0x00000bd0        0xc /Developer/Marmalade/5.2/s3e/edk/lib/android/libedk.a(edk_helpers.o)
 .ARM.extab.text.s3eEdkErrorSetString
                0x00000bdc        0xc /Developer/Marmalade/5.2/s3e/edk/lib/android/libedk.a(edk_helpers.o)
                0x00000be8                __exidx_start = .

.ARM.exidx      0x00000be8       0x18
 *(.ARM.exidx* .gnu.linkonce.armexidx.*)
 .ARM.exidx.text.s3eEdkThreadRunOnOSAsync
                0x00000be8        0x8 /Developer/Marmalade/5.2/s3e/edk/lib/android/libedk.a(edk_helpers.o)
 .ARM.exidx.text.s3eEdkThreadRunOnOS
                0x00000bf0        0x8 /Developer/Marmalade/5.2/s3e/edk/lib/android/libedk.a(edk_helpers.o)
 .ARM.exidx.text.s3eEdkErrorSetString
                0x00000bf8        0x8 /Developer/Marmalade/5.2/s3e/edk/lib/android/libedk.a(edk_helpers.o)
                0x00000c00                __exidx_end = .

.eh_frame_hdr
 *(.eh_frame_hdr)

.eh_frame
 *(.eh_frame)

.gcc_except_table
 *(.gcc_except_table .gcc_except_table.*)
                0x00000c00                . = (ALIGN (0x1000) - ((0x1000 - .) & 0xfff))
                0x00001c00                . = (0x1000 DATA_SEGMENT_ALIGN 0x1000)

.eh_frame
 *(.eh_frame)

.gcc_except_table
 *(.gcc_except_table .gcc_except_table.*)

.tdata
 *(.tdata .tdata.* .gnu.linkonce.td.*)

.tbss
 *(.tbss .tbss.* .gnu.linkonce.tb.*)
 *(.tcommon)

.preinit_array
 *(.preinit_array)

.init_array
 *(SORT(.init_array.*))
 *(.init_array)

.fini_array
 *(.fini_array)
 *(SORT(.fini_array.*))

.ctors
 *crtbegin.o(.ctors)
 *crtbegin?.o(.ctors)
 *(EXCLUDE_FILE(*crtend?.o *crtend.o) .ctors)
 *(SORT(.ctors.*))
 *(.ctors)

.dtors
 *crtbegin.o(.dtors)
 *crtbegin?.o(.dtors)
 *(EXCLUDE_FILE(*crtend?.o *crtend.o) .dtors)
 *(SORT(.dtors.*))
 *(.dtors)

.jcr
 *(.jcr)

.data.rel.ro
 *(.data.rel.ro.local* .gnu.linkonce.d.rel.ro.local.*)
 *(.data.rel.ro* .gnu.linkonce.d.rel.ro.*)

.dynamic        0x00001c00       0xb8
 *(.dynamic)
 .dynamic       0x00001c00       0xb8 release/AdmobAds_platform.os
                0x00001c00                _DYNAMIC
                0x00001cb8                . = (. DATA_SEGMENT_RELRO_END 0x0)

.got            0x00001cb8       0x34
 *(.got.plt)
 .got.plt       0x00001cb8       0x20 release/AdmobAds_platform.os
                0x00001cb8                _GLOBAL_OFFSET_TABLE_
 *(.got)
 .got           0x00001cd8       0x14 release/AdmobAds_platform.os

.data           0x00001cec        0x0
                0x00001cec                __data_start = .
 *(.data .data.* .gnu.linkonce.d.*)
 .data          0x00001cec        0x0 release/AdmobAds_platform.os
 .data          0x00001cec        0x0 release/AdmobAds.os
 .data          0x00001cec        0x0 release/AdmobAds_register.os
 .data          0x00001cec        0x0 /Developer/Marmalade/5.2/s3e/edk/lib/android/libedk.a(edk_helpers.o)

.data1
 *(.data1)
                0x00001cec                _edata = .
                0x00001cec                PROVIDE (edata, .)
                0x00001cec                __bss_start = .
                0x00001cec                __bss_start__ = .

.bss            0x00001cec       0x10
 *(.dynbss)
 .dynbss        0x00000000        0x0 release/AdmobAds_platform.os
 *(.bss .bss.* .gnu.linkonce.b.*)
 .bss           0x00001cec       0x10 release/AdmobAds_platform.os
 .bss           0x00001cfc        0x0 release/AdmobAds.os
 .bss           0x00001cfc        0x0 release/AdmobAds_register.os
 .bss           0x00001cfc        0x0 /Developer/Marmalade/5.2/s3e/edk/lib/android/libedk.a(edk_helpers.o)
 *(COMMON)
                0x00001cfc                . = ALIGN ((. != 0x0)?0x4:0x1)
                0x00001cfc                _bss_end__ = .
                0x00001cfc                __bss_end__ = .
                0x00001cfc                . = ALIGN (0x4)
                0x00001cfc                . = ALIGN (0x4)
                0x00001cfc                __end__ = .
                0x00001cfc                _end = .
                0x00001cfc                PROVIDE (end, .)
                0x00001cfc                . = DATA_SEGMENT_END (.)

.stab
 *(.stab)

.stabstr
 *(.stabstr)

.stab.excl
 *(.stab.excl)

.stab.exclstr
 *(.stab.exclstr)

.stab.index
 *(.stab.index)

.stab.indexstr
 *(.stab.indexstr)

.comment        0x00000000       0x61
 *(.comment)
 .comment       0x00000000       0x12 release/AdmobAds_platform.os
 .comment       0x00000012       0x12 release/AdmobAds.os
 .comment       0x00000024       0x12 release/AdmobAds_register.os
 .comment       0x00000036       0x2b /Developer/Marmalade/5.2/s3e/edk/lib/android/libedk.a(edk_helpers.o)

.debug
 *(.debug)

.line
 *(.line)

.debug_srcinfo
 *(.debug_srcinfo)

.debug_sfnames
 *(.debug_sfnames)

.debug_aranges
 *(.debug_aranges)

.debug_pubnames
 *(.debug_pubnames)

.debug_info
 *(.debug_info .gnu.linkonce.wi.*)

.debug_abbrev
 *(.debug_abbrev)

.debug_line
 *(.debug_line)

.debug_frame
 *(.debug_frame)

.debug_str
 *(.debug_str)

.debug_loc
 *(.debug_loc)

.debug_macinfo
 *(.debug_macinfo)

.debug_weaknames
 *(.debug_weaknames)

.debug_funcnames
 *(.debug_funcnames)

.debug_typenames
 *(.debug_typenames)

.debug_varnames
 *(.debug_varnames)

.debug_pubtypes
 *(.debug_pubtypes)

.debug_ranges
 *(.debug_ranges)

.gnu.attributes
 *(.gnu.attributes)

.note.gnu.arm.ident
 *(.note.gnu.arm.ident)

/DISCARD/
 *(.note.GNU-stack)
 *(.gnu_debuglink)
OUTPUT(/Users/valeriiivanov/Documents/workspace/KeiTaiToys/MKTT/admob1/AdmobAds/lib/android/libAdmobAds.so elf32-littlearm)

.ARM.attributes
                0x00000000       0x2a
 .ARM.attributes
                0x00000000       0x28 release/AdmobAds_platform.os
 .ARM.attributes
                0x00000028       0x28 release/AdmobAds.os
 .ARM.attributes
                0x00000050       0x28 release/AdmobAds_register.os
 .ARM.attributes
                0x00000078       0x2c /Developer/Marmalade/5.2/s3e/edk/lib/android/libedk.a(edk_helpers.o)
