Archive member included because of file (symbol)

/Developer/Marmalade/5.2/s3e/edk/lib/android/libedk.a(IwDebug.o)
                              debug/AdmobAds_platform.os (IwDebugTraceSetTraceChannel)
/Developer/Marmalade/5.2/s3e/edk/lib/android/libedk.a(edk_helpers.o)
                              debug/AdmobAds_platform.os (s3eEdkThreadRunOnOS)

Discarded input sections

 _ZN7_JNIEnv9FindClassEPKc
                0x00000000        0x0 debug/AdmobAds_platform.os
 _ZN7_JNIEnv17ExceptionOccurredEv
                0x00000000        0x0 debug/AdmobAds_platform.os
 _ZN7_JNIEnv17ExceptionDescribeEv
                0x00000000        0x0 debug/AdmobAds_platform.os
 _ZN7_JNIEnv14ExceptionClearEv
                0x00000000        0x0 debug/AdmobAds_platform.os
 _ZN7_JNIEnv12NewGlobalRefEP8_jobject
                0x00000000        0x0 debug/AdmobAds_platform.os
 _ZN7_JNIEnv14DeleteLocalRefEP8_jobject
                0x00000000        0x0 debug/AdmobAds_platform.os
 _ZN7_JNIEnv9NewObjectEP7_jclassP10_jmethodIDz
                0x00000000        0x0 debug/AdmobAds_platform.os
 _ZN7_JNIEnv11GetMethodIDEP7_jclassPKcS3_
                0x00000000        0x0 debug/AdmobAds_platform.os
 _ZN7_JNIEnv13CallIntMethodEP8_jobjectP10_jmethodIDz
                0x00000000        0x0 debug/AdmobAds_platform.os
 _ZN7_JNIEnv12NewStringUTFEPKc
                0x00000000        0x0 debug/AdmobAds_platform.os
 _ZN7_JavaVM6GetEnvEPPvi
                0x00000000        0x0 debug/AdmobAds_platform.os
 .note.GNU-stack
                0x00000000        0x0 debug/AdmobAds_platform.os
 .note.GNU-stack
                0x00000000        0x0 debug/AdmobAds.os
 .note.GNU-stack
                0x00000000        0x0 debug/AdmobAds_register.os
 .note.GNU-stack
                0x00000000        0x0 /Developer/Marmalade/5.2/s3e/edk/lib/android/libedk.a(IwDebug.o)
 .note.GNU-stack
                0x00000000        0x0 /Developer/Marmalade/5.2/s3e/edk/lib/android/libedk.a(edk_helpers.o)

Memory Configuration

Name             Origin             Length             Attributes
*default*        0x00000000         0xffffffff

Linker script and memory map

LOAD debug/AdmobAds_platform.os
LOAD debug/AdmobAds.os
LOAD debug/AdmobAds_register.os
LOAD /Developer/Marmalade/5.2/s3e/edk/lib/android/libedk.a
LOAD /Developer/Marmalade/5.2/s3e/edk/lib/android/libplaceholderplaceholderplaceholderplaceholderplaceholder.so
LOAD /Developer/android-ndk-r5/platforms/android-9/arch-arm/usr/lib/libc.so
LOAD /Developer/android-ndk-r5/platforms/android-9/arch-arm/usr/lib/libm.so
LOAD /Developer/android-ndk-r5/platforms/android-9/arch-arm/usr/lib/liblog.so
LOAD /Developer/android-ndk-r5/sources/cxx-stl/gnu-libstdc++/libs/armeabi/libstdc++.a
LOAD /Developer/android-ndk-r5/toolchains/arm-linux-androideabi-4.4.3/prebuilt/darwin-x86/bin/../lib/gcc/arm-linux-androideabi/4.4.3/libgcc.a
                0x000000d4                . = (0x0 + SIZEOF_HEADERS)

.note.gnu.build-id
 *(.note.gnu.build-id)

.hash           0x000000d4       0xe8
 *(.hash)
 .hash          0x000000d4       0xe8 debug/AdmobAds_platform.os

.gnu.hash
 *(.gnu.hash)

.dynsym         0x000001bc      0x270
 *(.dynsym)
 .dynsym        0x000001bc      0x270 debug/AdmobAds_platform.os

.dynstr         0x0000042c      0x224
 *(.dynstr)
 .dynstr        0x0000042c      0x224 debug/AdmobAds_platform.os

.gnu.version    0x00000650        0x0
 *(.gnu.version)
 .gnu.version   0x00000000        0x0 debug/AdmobAds_platform.os

.gnu.version_d  0x00000650        0x0
 *(.gnu.version_d)
 .gnu.version_d
                0x00000000        0x0 debug/AdmobAds_platform.os

.gnu.version_r  0x00000650        0x0
 *(.gnu.version_r)
 .gnu.version_r
                0x00000000        0x0 debug/AdmobAds_platform.os

.rel.dyn        0x00000650      0x158
 *(.rel.init)
 *(.rel.text .rel.text.* .rel.gnu.linkonce.t.*)
 .rel.text.IwAssertRegisterTextCallback
                0x00000650        0x8 debug/AdmobAds_platform.os
 .rel.text.IwAssertRegisterCallback
                0x00000658        0x8 debug/AdmobAds_platform.os
 .rel.text.IwDebugTraceSetTraceChannel
                0x00000660        0x8 debug/AdmobAds_platform.os
 .rel.text.IwDebugErrorRegisterCallback
                0x00000668        0x8 debug/AdmobAds_platform.os
 .rel.text.IwDebugAssertSetUID
                0x00000670        0x8 debug/AdmobAds_platform.os
 .rel.text._GLOBAL__I_g_DebugGlobals
                0x00000678        0x8 debug/AdmobAds_platform.os
 .rel.text.IwDebugClearConfigCache
                0x00000680        0x8 debug/AdmobAds_platform.os
 .rel.text.IwDebugErrorShow
                0x00000688       0x10 debug/AdmobAds_platform.os
 .rel.text.IwDebugTraceLineVPrintf
                0x00000698       0x20 debug/AdmobAds_platform.os
 .rel.text.IwDebugTraceIsChannelOn
                0x000006b8       0x18 debug/AdmobAds_platform.os
 .rel.text.IwDebugAssertIsChannelOn
                0x000006d0       0x10 debug/AdmobAds_platform.os
 .rel.text.IwDebugAssertSetMessage
                0x000006e0       0x20 debug/AdmobAds_platform.os
 .rel.text.IwDebugAssertSetSolution
                0x00000700       0x18 debug/AdmobAds_platform.os
 .rel.text.IwDebugAssertShow
                0x00000718       0x48 debug/AdmobAds_platform.os
 .rel.text.IwDebugTraceChannelSwitch
                0x00000760       0x18 debug/AdmobAds_platform.os
 *(.rel.fini)
 *(.rel.rodata .rel.rodata.* .rel.gnu.linkonce.r.*)
 *(.rel.data.rel.ro* .rel.gnu.linkonce.d.rel.ro.*)
 *(.rel.data .rel.data.* .rel.gnu.linkonce.d.*)
 *(.rel.tdata .rel.tdata.* .rel.gnu.linkonce.td.*)
 *(.rel.tbss .rel.tbss.* .rel.gnu.linkonce.tb.*)
 *(.rel.ctors)
 *(.rel.dtors)
 *(.rel.got)
 .rel.got       0x00000778       0x28 debug/AdmobAds_platform.os
 *(.rel.bss .rel.bss.* .rel.gnu.linkonce.b.*)
 .rel.init_array
                0x000007a0        0x8 debug/AdmobAds_platform.os

.rela.dyn
 *(.rela.init)
 *(.rela.text .rela.text.* .rela.gnu.linkonce.t.*)
 *(.rela.fini)
 *(.rela.rodata .rela.rodata.* .rela.gnu.linkonce.r.*)
 *(.rela.data .rela.data.* .rela.gnu.linkonce.d.*)
 *(.rela.tdata .rela.tdata.* .rela.gnu.linkonce.td.*)
 *(.rela.tbss .rela.tbss.* .rela.gnu.linkonce.tb.*)
 *(.rela.ctors)
 *(.rela.dtors)
 *(.rela.got)
 *(.rela.bss .rela.bss.* .rela.gnu.linkonce.b.*)

.rel.plt        0x000007a8       0xb8
 *(.rel.plt)
 .rel.plt       0x000007a8       0xb8 debug/AdmobAds_platform.os

.rela.plt
 *(.rela.plt)

.init
 *(.init)

.plt            0x00000860      0x128
 *(.plt)
 .plt           0x00000860      0x128 debug/AdmobAds_platform.os

.text           0x00000988     0x1c58
 *(.text .stub .text.* .gnu.linkonce.t.*)
 .text          0x00000988      0x538 debug/AdmobAds_platform.os
                0x00000d9c                _Z16InitAds_platformPKc
                0x00000a88                _Z21AdmobAdsInit_platformv
                0x00000e10                _Z16ShowAds_platformv
                0x00000e68                _Z16HideAds_platformv
                0x00000d98                _Z26AdmobAdsTerminate_platformv
 .text._ZN7_JNIEnv9FindClassEPKc
                0x00000ec0       0x40 debug/AdmobAds_platform.os
                0x00000ec0                _ZN7_JNIEnv9FindClassEPKc
 .text._ZN7_JNIEnv17ExceptionOccurredEv
                0x00000f00       0x38 debug/AdmobAds_platform.os
                0x00000f00                _ZN7_JNIEnv17ExceptionOccurredEv
 .text._ZN7_JNIEnv17ExceptionDescribeEv
                0x00000f38       0x30 debug/AdmobAds_platform.os
                0x00000f38                _ZN7_JNIEnv17ExceptionDescribeEv
 .text._ZN7_JNIEnv14ExceptionClearEv
                0x00000f68       0x30 debug/AdmobAds_platform.os
                0x00000f68                _ZN7_JNIEnv14ExceptionClearEv
 .text._ZN7_JNIEnv12NewGlobalRefEP8_jobject
                0x00000f98       0x40 debug/AdmobAds_platform.os
                0x00000f98                _ZN7_JNIEnv12NewGlobalRefEP8_jobject
 .text._ZN7_JNIEnv14DeleteLocalRefEP8_jobject
                0x00000fd8       0x38 debug/AdmobAds_platform.os
                0x00000fd8                _ZN7_JNIEnv14DeleteLocalRefEP8_jobject
 .text._ZN7_JNIEnv9NewObjectEP7_jclassP10_jmethodIDz
                0x00001010       0x60 debug/AdmobAds_platform.os
                0x00001010                _ZN7_JNIEnv9NewObjectEP7_jclassP10_jmethodIDz
 .text._ZN7_JNIEnv11GetMethodIDEP7_jclassPKcS3_
                0x00001070       0x50 debug/AdmobAds_platform.os
                0x00001070                _ZN7_JNIEnv11GetMethodIDEP7_jclassPKcS3_
 .text._ZN7_JNIEnv13CallIntMethodEP8_jobjectP10_jmethodIDz
                0x000010c0       0x60 debug/AdmobAds_platform.os
                0x000010c0                _ZN7_JNIEnv13CallIntMethodEP8_jobjectP10_jmethodIDz
 .text._ZN7_JNIEnv12NewStringUTFEPKc
                0x00001120       0x40 debug/AdmobAds_platform.os
                0x00001120                _ZN7_JNIEnv12NewStringUTFEPKc
 .text._ZN7_JavaVM6GetEnvEPPvi
                0x00001160       0x48 debug/AdmobAds_platform.os
                0x00001160                _ZN7_JavaVM6GetEnvEPPvi
 .text          0x000011a8       0x80 debug/AdmobAds.os
                0x000011c0                _Z17AdmobAdsTerminatev
                0x000011d0                InitAds
                0x00001210                HideAds
                0x000011a8                _Z12AdmobAdsInitv
                0x000011f8                ShowAds
 .text          0x00001228      0x2a0 debug/AdmobAds_register.os
                0x000013f4                _Z19AdmobAdsRegisterExtv
                0x000014b8                RegisterExt
 .text          0x000014c8        0x0 /Developer/Marmalade/5.2/s3e/edk/lib/android/libedk.a(IwDebug.o)
 .text.IwAssertRegisterTextCallback
                0x000014c8       0x18 /Developer/Marmalade/5.2/s3e/edk/lib/android/libedk.a(IwDebug.o)
                0x000014c8                IwAssertRegisterTextCallback
 .text.IwAssertRegisterCallback
                0x000014e0       0x18 /Developer/Marmalade/5.2/s3e/edk/lib/android/libedk.a(IwDebug.o)
                0x000014e0                IwAssertRegisterCallback
 .text.IwDebugTraceSetTraceChannel
                0x000014f8       0x18 /Developer/Marmalade/5.2/s3e/edk/lib/android/libedk.a(IwDebug.o)
                0x000014f8                IwDebugTraceSetTraceChannel
 .text.IwDebugErrorRegisterCallback
                0x00001510       0x18 /Developer/Marmalade/5.2/s3e/edk/lib/android/libedk.a(IwDebug.o)
                0x00001510                IwDebugErrorRegisterCallback
 .text.IwDebugAssertSetUID
                0x00001528       0x10 /Developer/Marmalade/5.2/s3e/edk/lib/android/libedk.a(IwDebug.o)
                0x00001528                IwDebugAssertSetUID
 .text._GLOBAL__I_g_DebugGlobals
                0x00001538       0x8c /Developer/Marmalade/5.2/s3e/edk/lib/android/libedk.a(IwDebug.o)
 .text.IwDebugClearConfigCache
                0x000015c4       0x80 /Developer/Marmalade/5.2/s3e/edk/lib/android/libedk.a(IwDebug.o)
                0x000015c4                IwDebugClearConfigCache
 .text.IwDebugErrorShow
                0x00001644       0xdc /Developer/Marmalade/5.2/s3e/edk/lib/android/libedk.a(IwDebug.o)
                0x00001644                IwDebugErrorShow
 .text.IwDebugTraceLineVPrintf
                0x00001720       0xe8 /Developer/Marmalade/5.2/s3e/edk/lib/android/libedk.a(IwDebug.o)
                0x00001720                IwDebugTraceLineVPrintf
 .text.IwDebugTraceLinePrintf
                0x00001808       0x30 /Developer/Marmalade/5.2/s3e/edk/lib/android/libedk.a(IwDebug.o)
                0x00001808                IwDebugTraceLinePrintf
 .text.IwDebugTraceIsChannelOn
                0x00001838      0x278 /Developer/Marmalade/5.2/s3e/edk/lib/android/libedk.a(IwDebug.o)
                0x00001838                IwDebugTraceIsChannelOn
 .text.IwDebugAssertIsChannelOn
                0x00001ab0      0x1d0 /Developer/Marmalade/5.2/s3e/edk/lib/android/libedk.a(IwDebug.o)
                0x00001ab0                IwDebugAssertIsChannelOn
 .text.IwDebugTraceDisable
                0x00001c80       0x1c /Developer/Marmalade/5.2/s3e/edk/lib/android/libedk.a(IwDebug.o)
                0x00001c80                IwDebugTraceDisable
 .text.IwDebugAssertSetMessage
                0x00001c9c       0xe4 /Developer/Marmalade/5.2/s3e/edk/lib/android/libedk.a(IwDebug.o)
                0x00001c9c                IwDebugAssertSetMessage
 .text.IwDebugAssertSetSolution
                0x00001d80       0x90 /Developer/Marmalade/5.2/s3e/edk/lib/android/libedk.a(IwDebug.o)
                0x00001d80                IwDebugAssertSetSolution
 .text.IwDebugAssertShow
                0x00001e10      0x2e8 /Developer/Marmalade/5.2/s3e/edk/lib/android/libedk.a(IwDebug.o)
                0x00001e10                IwDebugAssertShow
 .text.IwDebugTraceChannelSwitch
                0x000020f8      0x458 /Developer/Marmalade/5.2/s3e/edk/lib/android/libedk.a(IwDebug.o)
                0x000020f8                IwDebugTraceChannelSwitch
 .text          0x00002550        0x0 /Developer/Marmalade/5.2/s3e/edk/lib/android/libedk.a(edk_helpers.o)
 .text.s3eEdkThreadRunOnOSAsync
                0x00002550       0x30 /Developer/Marmalade/5.2/s3e/edk/lib/android/libedk.a(edk_helpers.o)
                0x00002550                s3eEdkThreadRunOnOSAsync
 .text.s3eEdkThreadRunOnOS
                0x00002580       0x30 /Developer/Marmalade/5.2/s3e/edk/lib/android/libedk.a(edk_helpers.o)
                0x00002580                s3eEdkThreadRunOnOS
 .text.s3eEdkErrorSetString
                0x000025b0       0x30 /Developer/Marmalade/5.2/s3e/edk/lib/android/libedk.a(edk_helpers.o)
                0x000025b0                s3eEdkErrorSetString
 *(.gnu.warning)
 *(.glue_7t)
 .glue_7t       0x00000000        0x0 linker stubs
 *(.glue_7)
 .glue_7        0x00000000        0x0 linker stubs
 *(.vfp11_veneer)
 .vfp11_veneer  0x00000000        0x0 linker stubs
 *(.v4_bx)
 .v4_bx         0x00000000        0x0 linker stubs

.fini
 *(.fini)
                0x000025e0                PROVIDE (__etext, .)
                0x000025e0                PROVIDE (_etext, .)
                0x000025e0                PROVIDE (etext, .)

.rodata         0x000025e0      0x268
 *(.rodata .rodata.* .gnu.linkonce.r.*)
 .rodata        0x000025e0       0x9c debug/AdmobAds_platform.os
 .rodata        0x0000267c       0xb0 debug/AdmobAds_register.os
 .rodata.str1.4
                0x0000272c      0x11c /Developer/Marmalade/5.2/s3e/edk/lib/android/libedk.a(IwDebug.o)
                                0x120 (size before relaxing)

.rodata1
 *(.rodata1)

.ARM.extab      0x00002848       0x6c
 *(.ARM.extab* .gnu.linkonce.armextab.*)
 .ARM.extab.text.IwAssertRegisterTextCallback
                0x00002848        0x0 /Developer/Marmalade/5.2/s3e/edk/lib/android/libedk.a(IwDebug.o)
 .ARM.extab.text.IwAssertRegisterCallback
                0x00002848        0x0 /Developer/Marmalade/5.2/s3e/edk/lib/android/libedk.a(IwDebug.o)
 .ARM.extab.text.IwDebugTraceSetTraceChannel
                0x00002848        0x0 /Developer/Marmalade/5.2/s3e/edk/lib/android/libedk.a(IwDebug.o)
 .ARM.extab.text.IwDebugErrorRegisterCallback
                0x00002848        0x0 /Developer/Marmalade/5.2/s3e/edk/lib/android/libedk.a(IwDebug.o)
 .ARM.extab.text.IwDebugAssertSetUID
                0x00002848        0x0 /Developer/Marmalade/5.2/s3e/edk/lib/android/libedk.a(IwDebug.o)
 .ARM.extab.text._GLOBAL__I_g_DebugGlobals
                0x00002848        0x0 /Developer/Marmalade/5.2/s3e/edk/lib/android/libedk.a(IwDebug.o)
 .ARM.extab.text.IwDebugClearConfigCache
                0x00002848        0x0 /Developer/Marmalade/5.2/s3e/edk/lib/android/libedk.a(IwDebug.o)
 .ARM.extab.text.IwDebugErrorShow
                0x00002848        0xc /Developer/Marmalade/5.2/s3e/edk/lib/android/libedk.a(IwDebug.o)
 .ARM.extab.text.IwDebugTraceLineVPrintf
                0x00002854        0xc /Developer/Marmalade/5.2/s3e/edk/lib/android/libedk.a(IwDebug.o)
 .ARM.extab.text.IwDebugTraceLinePrintf
                0x00002860        0xc /Developer/Marmalade/5.2/s3e/edk/lib/android/libedk.a(IwDebug.o)
 .ARM.extab.text.IwDebugTraceIsChannelOn
                0x0000286c        0x0 /Developer/Marmalade/5.2/s3e/edk/lib/android/libedk.a(IwDebug.o)
 .ARM.extab.text.IwDebugAssertIsChannelOn
                0x0000286c        0x0 /Developer/Marmalade/5.2/s3e/edk/lib/android/libedk.a(IwDebug.o)
 .ARM.extab.text.IwDebugTraceDisable
                0x0000286c        0xc /Developer/Marmalade/5.2/s3e/edk/lib/android/libedk.a(IwDebug.o)
 .ARM.extab.text.IwDebugAssertSetMessage
                0x00002878        0xc /Developer/Marmalade/5.2/s3e/edk/lib/android/libedk.a(IwDebug.o)
 .ARM.extab.text.IwDebugAssertSetSolution
                0x00002884        0xc /Developer/Marmalade/5.2/s3e/edk/lib/android/libedk.a(IwDebug.o)
 .ARM.extab.text.IwDebugAssertShow
                0x00002890        0x0 /Developer/Marmalade/5.2/s3e/edk/lib/android/libedk.a(IwDebug.o)
 .ARM.extab.text.IwDebugTraceChannelSwitch
                0x00002890        0x0 /Developer/Marmalade/5.2/s3e/edk/lib/android/libedk.a(IwDebug.o)
 .ARM.extab.text.s3eEdkThreadRunOnOSAsync
                0x00002890        0xc /Developer/Marmalade/5.2/s3e/edk/lib/android/libedk.a(edk_helpers.o)
 .ARM.extab.text.s3eEdkThreadRunOnOS
                0x0000289c        0xc /Developer/Marmalade/5.2/s3e/edk/lib/android/libedk.a(edk_helpers.o)
 .ARM.extab.text.s3eEdkErrorSetString
                0x000028a8        0xc /Developer/Marmalade/5.2/s3e/edk/lib/android/libedk.a(edk_helpers.o)
                0x000028b4                __exidx_start = .

.ARM.exidx      0x000028b4       0xa0
 *(.ARM.exidx* .gnu.linkonce.armexidx.*)
 .ARM.exidx.text.IwAssertRegisterTextCallback
                0x000028b4        0x8 /Developer/Marmalade/5.2/s3e/edk/lib/android/libedk.a(IwDebug.o)
 .ARM.exidx.text.IwAssertRegisterCallback
                0x000028bc        0x8 /Developer/Marmalade/5.2/s3e/edk/lib/android/libedk.a(IwDebug.o)
 .ARM.exidx.text.IwDebugTraceSetTraceChannel
                0x000028c4        0x8 /Developer/Marmalade/5.2/s3e/edk/lib/android/libedk.a(IwDebug.o)
 .ARM.exidx.text.IwDebugErrorRegisterCallback
                0x000028cc        0x8 /Developer/Marmalade/5.2/s3e/edk/lib/android/libedk.a(IwDebug.o)
 .ARM.exidx.text.IwDebugAssertSetUID
                0x000028d4        0x8 /Developer/Marmalade/5.2/s3e/edk/lib/android/libedk.a(IwDebug.o)
 .ARM.exidx.text._GLOBAL__I_g_DebugGlobals
                0x000028dc        0x8 /Developer/Marmalade/5.2/s3e/edk/lib/android/libedk.a(IwDebug.o)
 .ARM.exidx.text.IwDebugClearConfigCache
                0x000028e4        0x8 /Developer/Marmalade/5.2/s3e/edk/lib/android/libedk.a(IwDebug.o)
 .ARM.exidx.text.IwDebugErrorShow
                0x000028ec        0x8 /Developer/Marmalade/5.2/s3e/edk/lib/android/libedk.a(IwDebug.o)
 .ARM.exidx.text.IwDebugTraceLineVPrintf
                0x000028f4        0x8 /Developer/Marmalade/5.2/s3e/edk/lib/android/libedk.a(IwDebug.o)
 .ARM.exidx.text.IwDebugTraceLinePrintf
                0x000028fc        0x8 /Developer/Marmalade/5.2/s3e/edk/lib/android/libedk.a(IwDebug.o)
 .ARM.exidx.text.IwDebugTraceIsChannelOn
                0x00002904        0x8 /Developer/Marmalade/5.2/s3e/edk/lib/android/libedk.a(IwDebug.o)
 .ARM.exidx.text.IwDebugAssertIsChannelOn
                0x0000290c        0x8 /Developer/Marmalade/5.2/s3e/edk/lib/android/libedk.a(IwDebug.o)
 .ARM.exidx.text.IwDebugTraceDisable
                0x00002914        0x8 /Developer/Marmalade/5.2/s3e/edk/lib/android/libedk.a(IwDebug.o)
 .ARM.exidx.text.IwDebugAssertSetMessage
                0x0000291c        0x8 /Developer/Marmalade/5.2/s3e/edk/lib/android/libedk.a(IwDebug.o)
 .ARM.exidx.text.IwDebugAssertSetSolution
                0x00002924        0x8 /Developer/Marmalade/5.2/s3e/edk/lib/android/libedk.a(IwDebug.o)
 .ARM.exidx.text.IwDebugAssertShow
                0x0000292c        0x8 /Developer/Marmalade/5.2/s3e/edk/lib/android/libedk.a(IwDebug.o)
 .ARM.exidx.text.IwDebugTraceChannelSwitch
                0x00002934        0x8 /Developer/Marmalade/5.2/s3e/edk/lib/android/libedk.a(IwDebug.o)
 .ARM.exidx.text.s3eEdkThreadRunOnOSAsync
                0x0000293c        0x8 /Developer/Marmalade/5.2/s3e/edk/lib/android/libedk.a(edk_helpers.o)
 .ARM.exidx.text.s3eEdkThreadRunOnOS
                0x00002944        0x8 /Developer/Marmalade/5.2/s3e/edk/lib/android/libedk.a(edk_helpers.o)
 .ARM.exidx.text.s3eEdkErrorSetString
                0x0000294c        0x8 /Developer/Marmalade/5.2/s3e/edk/lib/android/libedk.a(edk_helpers.o)
                0x00002954                __exidx_end = .

.eh_frame_hdr
 *(.eh_frame_hdr)

.eh_frame
 *(.eh_frame)

.gcc_except_table
 *(.gcc_except_table .gcc_except_table.*)
                0x00002954                . = (ALIGN (0x1000) - ((0x1000 - .) & 0xfff))
                0x00003000                . = (0x1000 DATA_SEGMENT_ALIGN 0x1000)

.eh_frame
 *(.eh_frame)

.gcc_except_table
 *(.gcc_except_table .gcc_except_table.*)

.tdata
 *(.tdata .tdata.* .gnu.linkonce.td.*)

.tbss
 *(.tbss .tbss.* .gnu.linkonce.tb.*)
 *(.tcommon)

.preinit_array
 *(.preinit_array)

.init_array     0x00003000        0x4
 *(SORT(.init_array.*))
 *(.init_array)
 .init_array    0x00003000        0x4 /Developer/Marmalade/5.2/s3e/edk/lib/android/libedk.a(IwDebug.o)

.fini_array
 *(.fini_array)
 *(SORT(.fini_array.*))

.ctors
 *crtbegin.o(.ctors)
 *crtbegin?.o(.ctors)
 *(EXCLUDE_FILE(*crtend?.o *crtend.o) .ctors)
 *(SORT(.ctors.*))
 *(.ctors)

.dtors
 *crtbegin.o(.dtors)
 *crtbegin?.o(.dtors)
 *(EXCLUDE_FILE(*crtend?.o *crtend.o) .dtors)
 *(SORT(.dtors.*))
 *(.dtors)

.jcr
 *(.jcr)

.data.rel.ro
 *(.data.rel.ro.local* .gnu.linkonce.d.rel.ro.local.*)
 *(.data.rel.ro* .gnu.linkonce.d.rel.ro.*)

.dynamic        0x00003004       0xd0
 *(.dynamic)
 .dynamic       0x00003004       0xd0 debug/AdmobAds_platform.os
                0x00003004                _DYNAMIC
                0x000030d4                . = (. DATA_SEGMENT_RELRO_END 0x0)

.got            0x000030d4       0x7c
 *(.got.plt)
 .got.plt       0x000030d4       0x68 debug/AdmobAds_platform.os
                0x000030d4                _GLOBAL_OFFSET_TABLE_
 *(.got)
 .got           0x0000313c       0x14 debug/AdmobAds_platform.os

.data           0x00003150        0x0
                0x00003150                __data_start = .
 *(.data .data.* .gnu.linkonce.d.*)
 .data          0x00003150        0x0 debug/AdmobAds_platform.os
 .data          0x00003150        0x0 debug/AdmobAds.os
 .data          0x00003150        0x0 debug/AdmobAds_register.os
 .data          0x00003150        0x0 /Developer/Marmalade/5.2/s3e/edk/lib/android/libedk.a(IwDebug.o)
 .data          0x00003150        0x0 /Developer/Marmalade/5.2/s3e/edk/lib/android/libedk.a(edk_helpers.o)

.data1
 *(.data1)
                0x00003150                _edata = .
                0x00003150                PROVIDE (edata, .)
                0x00003150                __bss_start = .
                0x00003150                __bss_start__ = .

.bss            0x00003150     0x1a38
 *(.dynbss)
 .dynbss        0x00000000        0x0 debug/AdmobAds_platform.os
 *(.bss .bss.* .gnu.linkonce.b.*)
 .bss           0x00003150       0x10 debug/AdmobAds_platform.os
 .bss           0x00003160        0x0 debug/AdmobAds.os
 .bss           0x00003160        0x0 debug/AdmobAds_register.os
 .bss           0x00003160     0x1a28 /Developer/Marmalade/5.2/s3e/edk/lib/android/libedk.a(IwDebug.o)
                0x00003160                g_DebugGlobals
 .bss           0x00004b88        0x0 /Developer/Marmalade/5.2/s3e/edk/lib/android/libedk.a(edk_helpers.o)
 *(COMMON)
                0x00004b88                . = ALIGN ((. != 0x0)?0x4:0x1)
                0x00004b88                _bss_end__ = .
                0x00004b88                __bss_end__ = .
                0x00004b88                . = ALIGN (0x4)
                0x00004b88                . = ALIGN (0x4)
                0x00004b88                __end__ = .
                0x00004b88                _end = .
                0x00004b88                PROVIDE (end, .)
                0x00004b88                . = DATA_SEGMENT_END (.)

.stab
 *(.stab)

.stabstr
 *(.stabstr)

.stab.excl
 *(.stab.excl)

.stab.exclstr
 *(.stab.exclstr)

.stab.index
 *(.stab.index)

.stab.indexstr
 *(.stab.indexstr)

.comment        0x00000000       0x8c
 *(.comment)
 .comment       0x00000000       0x12 debug/AdmobAds_platform.os
 .comment       0x00000012       0x12 debug/AdmobAds.os
 .comment       0x00000024       0x12 debug/AdmobAds_register.os
 .comment       0x00000036       0x2b /Developer/Marmalade/5.2/s3e/edk/lib/android/libedk.a(IwDebug.o)
 .comment       0x00000061       0x2b /Developer/Marmalade/5.2/s3e/edk/lib/android/libedk.a(edk_helpers.o)

.debug
 *(.debug)

.line
 *(.line)

.debug_srcinfo
 *(.debug_srcinfo)

.debug_sfnames
 *(.debug_sfnames)

.debug_aranges  0x00000000       0xb8
 *(.debug_aranges)
 .debug_aranges
                0x00000000       0x78 debug/AdmobAds_platform.os
 .debug_aranges
                0x00000078       0x20 debug/AdmobAds.os
 .debug_aranges
                0x00000098       0x20 debug/AdmobAds_register.os

.debug_pubnames
                0x00000000      0x241
 *(.debug_pubnames)
 .debug_pubnames
                0x00000000      0x1aa debug/AdmobAds_platform.os
 .debug_pubnames
                0x000001aa       0x5d debug/AdmobAds.os
 .debug_pubnames
                0x00000207       0x3a debug/AdmobAds_register.os

.debug_info     0x00000000     0x5cf0
 *(.debug_info .gnu.linkonce.wi.*)
 .debug_info    0x00000000     0x5a53 debug/AdmobAds_platform.os
 .debug_info    0x00005a53      0x126 debug/AdmobAds.os
 .debug_info    0x00005b79      0x177 debug/AdmobAds_register.os

.debug_abbrev   0x00000000      0x41f
 *(.debug_abbrev)
 .debug_abbrev  0x00000000      0x259 debug/AdmobAds_platform.os
 .debug_abbrev  0x00000259       0xc6 debug/AdmobAds.os
 .debug_abbrev  0x0000031f      0x100 debug/AdmobAds_register.os

.debug_line     0x00000000      0x47e
 *(.debug_line)
 .debug_line    0x00000000      0x2b9 debug/AdmobAds_platform.os
 .debug_line    0x000002b9       0xcf debug/AdmobAds.os
 .debug_line    0x00000388       0xf6 debug/AdmobAds_register.os

.debug_frame    0x00000000      0x360
 *(.debug_frame)
 .debug_frame   0x00000000      0x228 debug/AdmobAds_platform.os
 .debug_frame   0x00000228       0x9c debug/AdmobAds.os
 .debug_frame   0x000002c4       0x9c debug/AdmobAds_register.os

.debug_str      0x00000000     0x493f
 *(.debug_str)
 .debug_str     0x00000000     0x47c1 debug/AdmobAds_platform.os
                               0x4934 (size before relaxing)
 .debug_str     0x000047c1       0xad debug/AdmobAds.os
                                0x188 (size before relaxing)
 .debug_str     0x0000486e       0xd1 debug/AdmobAds_register.os
                                0x1a9 (size before relaxing)

.debug_loc      0x00000000      0x494
 *(.debug_loc)
 .debug_loc     0x00000000      0x330 debug/AdmobAds_platform.os
 .debug_loc     0x00000330       0xac debug/AdmobAds.os
 .debug_loc     0x000003dc       0xb8 debug/AdmobAds_register.os

.debug_macinfo
 *(.debug_macinfo)

.debug_weaknames
 *(.debug_weaknames)

.debug_funcnames
 *(.debug_funcnames)

.debug_typenames
 *(.debug_typenames)

.debug_varnames
 *(.debug_varnames)

.debug_pubtypes
 *(.debug_pubtypes)

.debug_ranges   0x00000000       0xa8
 *(.debug_ranges)
 .debug_ranges  0x00000000       0xa8 debug/AdmobAds_platform.os

.gnu.attributes
 *(.gnu.attributes)

.note.gnu.arm.ident
 *(.note.gnu.arm.ident)

/DISCARD/
 *(.note.GNU-stack)
 *(.gnu_debuglink)
OUTPUT(/Users/valeriiivanov/Documents/workspace/KeiTaiToys/MKTT/admob1/AdmobAds/lib/android/libAdmobAds_d.so elf32-littlearm)

.ARM.attributes
                0x00000000       0x2a
 .ARM.attributes
                0x00000000       0x28 debug/AdmobAds_platform.os
 .ARM.attributes
                0x00000028       0x28 debug/AdmobAds.os
 .ARM.attributes
                0x00000050       0x28 debug/AdmobAds_register.os
 .ARM.attributes
                0x00000078       0x2c /Developer/Marmalade/5.2/s3e/edk/lib/android/libedk.a(IwDebug.o)
 .ARM.attributes
                0x000000a4       0x2c /Developer/Marmalade/5.2/s3e/edk/lib/android/libedk.a(edk_helpers.o)
